// Jest Snapshot v1, https://goo.gl/fbAQLP

exports[`<Modal/> render Modal component correctly 1`] = `<div />`;
