// Jest Snapshot v1, https://goo.gl/fbAQLP

exports[`<Color/> renders Color component correctly 1`] = `undefined`;
