// Jest Snapshot v1, https://goo.gl/fbAQLP

exports[`<Colors/> renders Colors component correctly 1`] = `undefined`;
